// Jest Snapshot v1, https://goo.gl/fbAQLP

exports[`BuilderZoomMenu it should render a dropdown align menu 1`] = `
<table>
  <tbody>
    <tr>
      <td>
        <Connect(BigButton)
          clicked="builderZoomOut"
          icon="<svg height=\\"30\\" viewBox=\\"0 0 24 24\\" width=\\"30\\" style=\\"transform: rotate(-90deg);\\"><path d=\\"M8 11h3v10h2V11h3l-4-4-4 4zM4 3v2h16V3H4z\\"></path></svg>"
        />
      </td>
      <td />
      <td>
        <Connect(BigButton)
          clicked="builderZoomIn"
          icon="<svg height=\\"30\\" viewBox=\\"0 0 24 24\\" width=\\"30\\" style=\\"transform: rotate(-90deg);\\"><path d=\\"M8 19h3v4h2v-4h3l-4-4-4 4zm8-14h-3V1h-2v4H8l4 4 4-4zM4 11v2h16v-2H4z\\"></path></svg>"
        />
      </td>
      <td>
        <Connect(BigButton)
          clicked="builderZoomReset"
          icon="<svg height=\\"30\\" viewBox=\\"0 0 24 24\\" width=\\"30\\" style=\\"transform: rotate(-90deg);\\"><path d=\\"M8 11h3v10h2V11h3l-4-4-4 4zM4 3v2h16V3H4z\\"></path></svg>"
        />
      </td>
    </tr>
  </tbody>
</table>
`;
