// Jest Snapshot v1, https://goo.gl/fbAQLP

exports[`ToolsBlock it should render a td with children 1`] = `
<td
  className="Block"
>
  <p>
    Test
  </p>
</td>
`;
