// Jest Snapshot v1, https://goo.gl/fbAQLP

exports[`RangeInput it should render button with onclick null when disabled 1`] = `
<RangeInput
  boxesValues="{}"
  changedStyleValues="[]"
  max="100"
  min="0"
  sectionValues="{}"
  step="1"
>
  <div
    className="Div"
  >
    <input
      className="Input"
      max="100"
      min="0"
      onChange={[Function]}
      onMouseDown={[Function]}
      step="1"
      type="range"
      value={0}
    />
  </div>
</RangeInput>
`;
